exports[`test renders correctly 1`] = `
<Panel
  className="color:white"
  isOpen={true}
  maxWidth="320px"
  right="auto"
  transition="slideFromLeft"
  width="93%"
  zDepth={10}>
  <div
    className="pos:absolute-0"
    style={
      Object {
        "zIndex": 10,
      }
    }>
    <ReactCSSTransitionGroup
      transitionAppear={true}
      transitionAppearTimeout={400}
      transitionEnter={false}
      transitionLeave={true}
      transitionLeaveTimeout={350}
      transitionName="transition:dialog-slideFromLeft">
      <ReactTransitionGroup
        childFactory={[Function]}
        component="span"
        transitionAppear={true}
        transitionAppearTimeout={400}
        transitionEnter={false}
        transitionLeave={true}
        transitionLeaveTimeout={350}
        transitionName="transition:dialog-slideFromLeft">
        <span>
          <ReactCSSTransitionGroupChild
            appear={true}
            appearTimeout={400}
            enter={false}
            leave={true}
            leaveTimeout={350}
            name="transition:dialog-slideFromLeft">
            <styled.div
              className="color:white"
              maxWidth="320px"
              style={
                Object {
                  "bottom": undefined,
                  "left": undefined,
                  "right": "auto",
                  "top": undefined,
                }
              }
              width="93%">
              <div
                className="color:white gZvZQA"
                style={
                  Object {
                    "bottom": undefined,
                    "left": undefined,
                    "right": "auto",
                    "top": undefined,
                  }
                }
                width="93%">
                <Scroller
                  className="padding-b:40"
                  onDismiss={[Function]}
                  onSubmit={[Function]}>
                  <div
                    className="padding-b:40"
                    onTouchMove={[Function]}
                    onTouchStart={[Function]}
                    style={
                      Object {
                        "WebkitOverflowScrolling": "touch",
                        "backgroundColor": "transparent",
                        "bottom": "0",
                        "left": "0",
                        "overflowX": "hidden",
                        "overflowY": "auto",
                        "paddingBottom": "40px",
                        "position": "absolute",
                        "right": "0",
                        "top": "0",
                      }
                    }>
                    <PlaceholderDialogContent
                      onDismiss={[Function]}
                      onSubmit={[Function]}
                      size="long">
                      <div>
                        <Button
                          btn="raised action"
                          onClick={[Function]}>
                          <button
                            data-btn="raised action"
                            onClick={[Function]}>
                            Done
                          </button>
                        </Button>
                        Lorem ipsum dolor sit amet, consectetur adipisicing elit. Mollitia ut quas itaque dolor nam temporibus aspernatur, ipsum officiis omnis, suscipit dolorum numquam voluptatibus. Porro amet nam perspiciatis recusandae, veritatis atque! Quibusdam sapiente distinctio ab accusamus, qui itaque, magnam adipisci ipsam esse quasi porro voluptas necessitatibus nostrum ratione reiciendis eaque incidunt id illum iusto, possimus. Voluptas voluptatem, expedita. Voluptates explicabo nostrum corrupti aliquam at repudiandae, earum nesciunt architecto fuga. Hic fugit in laudantium facilis et tempora! Voluptatum dignissimos, beatae adipisci rem sed quam, pariatur distinctio maiores natus sapiente, ratione et esse dolor. Id hic praesentium laudantium ratione unde, facere assumenda ab cumque laborum, nostrum illo nisi, nesciunt quibusdam perferendis voluptate aspernatur ducimus porro explicabo similique distinctio delectus deserunt at. Itaque commodi, maiores rerum magni sunt quaerat dolor accusamus. Quis sed delectus et, cum culpa autem esse tenetur alias, odio voluptatem veniam eos eaque quos libero. Quia cum, perferendis sunt! Dolorum distinctio et neque reiciendis, temporibus quisquam necessitatibus consequuntur labore cupiditate? Voluptas deleniti minima nam molestias, consequuntur odit unde voluptate vero laboriosam porro! Eos, doloribus itaque tenetur excepturi sint eaque voluptate asperiores odio ipsum vitae iusto officia officiis sapiente impedit nostrum aut, ea dolores id autem reiciendis voluptates. Suscipit quibusdam consequuntur assumenda temporibus modi sit, reiciendis, dolore velit iste, iusto ex totam sapiente sunt quaerat distinctio dicta officiis similique a vero. Sed dicta esse velit saepe quis, eos labore quia facilis inventore laudantium illum, nesciunt maxime ad. Fugit vel voluptates earum, vero quae tenetur voluptatem veritatis et quo doloribus, dicta dolorum voluptate corrupti eligendi neque temporibus iure consequuntur inventore quasi repellat culpa commodi optio dolorem a! Vitae tempore pariatur omnis rerum harum nihil aliquam neque quaerat beatae obcaecati repellat illo est, odit atque, enim dignissimos, maiores magni nesciunt. At voluptas, quas dolor accusantium quisquam magnam, architecto vel. Quis consectetur quo fuga repellendus.
                      </div>
                    </PlaceholderDialogContent>
                  </div>
                </Scroller>
              </div>
            </styled.div>
          </ReactCSSTransitionGroupChild>
        </span>
      </ReactTransitionGroup>
    </ReactCSSTransitionGroup>
    <Backdrop
      isOpen={true}
      onClick={[Function]}>
      <ReactCSSTransitionGroup
        transitionAppear={true}
        transitionAppearTimeout={700}
        transitionEnter={false}
        transitionLeave={true}
        transitionLeaveTimeout={400}
        transitionName="transition:overlay-fadeIn">
        <ReactTransitionGroup
          childFactory={[Function]}
          component="span"
          transitionAppear={true}
          transitionAppearTimeout={700}
          transitionEnter={false}
          transitionLeave={true}
          transitionLeaveTimeout={400}
          transitionName="transition:overlay-fadeIn">
          <span>
            <ReactCSSTransitionGroupChild
              appear={true}
              appearTimeout={700}
              enter={false}
              leave={true}
              leaveTimeout={400}
              name="transition:overlay-fadeIn">
              <styled.div
                onClick={[Function]}
                onTouchMove={[Function]}>
                <div
                  className="kQeSPN"
                  onClick={[Function]}
                  onTouchMove={[Function]} />
              </styled.div>
            </ReactCSSTransitionGroupChild>
          </span>
        </ReactTransitionGroup>
      </ReactCSSTransitionGroup>
    </Backdrop>
  </div>
</Panel>
`;
